🤖 Khởi động Sidecar Garbage Collector...
⏳ Tần suất quét: Mỗi 5 phút/lần.

--- Bắt đầu chu kỳ dọn rác ---
🗑️ [Daemon] Đã tiêu hủy: models/checkpoints/snake_dqn_5000000_steps.zip
🗑️ [Daemon] Đã tiêu hủy: models/checkpoints/snake_dqn_4950000_steps.zip
🗑️ [Daemon] Đã tiêu hủy: models/checkpoints/snake_dqn_4900000_steps.zip
🗑️ [Daemon] Đã tiêu hủy: models/checkpoints/snake_dqn_4850000_steps.zip
🗑️ [Daemon] Đã tiêu hủy: models/checkpoints/snake_dqn_4800000_steps.zip
🗑️ [Daemon] Đã tiêu hủy: models/checkpoints/snake_dqn_4750000_steps.zip
🗑️ [Daemon] Đã tiêu hủy: models/checkpoints/snake_dqn_4700000_steps.zip
🗑️ [Daemon] Đã tiêu hủy: models/checkpoints/snake_dqn_4650000_steps.zip
🗑️ [Daemon] Đã tiêu hủy: models/checkpoints/snake_dqn_4600000_steps.zip
🗑️ [Daemon] Đã tiêu hủy: models/checkpoints/snake_dqn_4550000_steps.zip
🗑️ [Daemon] Đã tiêu hủy: models/checkpoints/snake_dqn_4500000_steps.zip
🗑️ [Daemon] Đã tiêu hủy: models/checkpoints/snake_dqn_4450000_steps.zip
🗑️ [Daemon] Đã tiêu hủy: models/checkpoints/snake_dqn_4400000_steps.zip
🗑️ [Daemon] Đã tiêu hủy: models/checkpoints/snake_dqn_4350000_steps.zip
🗑️ [Daemon] Đã tiêu hủy: models/checkpoints/snake_dqn_4300000_steps.zip
🗑️ [Daemon] Đã tiêu hủy: models/checkpoints/snake_dqn_4250000_steps.zip
🗑️ [Daemon] Đã tiêu hủy: models/checkpoints/snake_dqn_4200000_steps.zip
🗑️ [Daemon] Đã tiêu hủy: models/checkpoints/snake_dqn_4150000_steps.zip
🗑️ [Daemon] Đã tiêu hủy: models/checkpoints/snake_dqn_4100000_steps.zip
🗑️ [Daemon] Đã tiêu hủy: models/checkpoints/snake_dqn_4050000_steps.zip
🗑️ [Daemon] Đã tiêu hủy: models/checkpoints/snake_dqn_4000000_steps.zip
🗑️ [Daemon] Đã tiêu hủy: models/checkpoints/snake_dqn_3950000_steps.zip
🗑️ [Daemon] Đã tiêu hủy: models/checkpoints/snake_dqn_3900000_steps.zip
🗑️ [Daemon] Đã tiêu hủy: models/checkpoints/snake_dqn_3850000_steps.zip
🗑️ [Daemon] Đã tiêu hủy: models/checkpoints/snake_dqn_3800000_steps.zip
🗑️ [Daemon] Đã tiêu hủy: models/checkpoints/snake_dqn_3750000_steps.zip
🗑️ [Daemon] Đã tiêu hủy: models/checkpoints/snake_dqn_3700000_steps.zip
🗑️ [Daemon] Đã tiêu hủy: models/checkpoints/snake_dqn_3650000_steps.zip
🗑️ [Daemon] Đã tiêu hủy: models/checkpoints/snake_dqn_3600000_steps.zip
🗑️ [Daemon] Đã tiêu hủy: models/checkpoints/snake_dqn_3550000_steps.zip
🗑️ [Daemon] Đã tiêu hủy: models/checkpoints/snake_dqn_3500000_steps.zip
🗑️ [Daemon] Đã tiêu hủy: models/checkpoints/snake_dqn_3450000_steps.zip
🗑️ [Daemon] Đã tiêu hủy: models/checkpoints/snake_dqn_3400000_steps.zip
🗑️ [Daemon] Đã tiêu hủy: models/checkpoints/snake_dqn_3350000_steps.zip
🗑️ [Daemon] Đã tiêu hủy: models/checkpoints/snake_dqn_3300000_steps.zip
🗑️ [Daemon] Đã tiêu hủy: models/checkpoints/snake_dqn_3250000_steps.zip
🗑️ [Daemon] Đã tiêu hủy: models/checkpoints/snake_dqn_3200000_steps.zip
🗑️ [Daemon] Đã tiêu hủy: models/checkpoints/snake_dqn_3150000_steps.zip
🗑️ [Daemon] Đã tiêu hủy: models/checkpoints/snake_dqn_3100000_steps.zip
🗑️ [Daemon] Đã tiêu hủy: models/checkpoints/snake_dqn_3050000_steps.zip
🗑️ [Daemon] Đã tiêu hủy: models/checkpoints/snake_dqn_3000000_steps.zip
🗑️ [Daemon] Đã tiêu hủy: models/checkpoints/snake_dqn_2950000_steps.zip
🗑️ [Daemon] Đã tiêu hủy: models/checkpoints/snake_dqn_2900000_steps.zip
🗑️ [Daemon] Đã tiêu hủy: models/checkpoints/snake_dqn_2850000_steps.zip
🗑️ [Daemon] Đã tiêu hủy: models/checkpoints/snake_dqn_2800000_steps.zip
🗑️ [Daemon] Đã tiêu hủy: models/checkpoints/snake_dqn_2750000_steps.zip
🗑️ [Daemon] Đã tiêu hủy: models/checkpoints/snake_dqn_2700000_steps.zip
🗑️ [Daemon] Đã tiêu hủy: models/checkpoints/snake_dqn_2650000_steps.zip
🗑️ [Daemon] Đã tiêu hủy: models/checkpoints/snake_dqn_2600000_steps.zip
🗑️ [Daemon] Đã tiêu hủy: models/checkpoints/snake_dqn_2550000_steps.zip
🗑️ [Daemon] Đã tiêu hủy: models/checkpoints/snake_dqn_2500000_steps.zip
🗑️ [Daemon] Đã tiêu hủy: models/checkpoints/snake_dqn_2450000_steps.zip
🗑️ [Daemon] Đã tiêu hủy: models/checkpoints/snake_dqn_2400000_steps.zip
🗑️ [Daemon] Đã tiêu hủy: models/checkpoints/snake_dqn_2350000_steps.zip
🗑️ [Daemon] Đã tiêu hủy: models/checkpoints/snake_dqn_2300000_steps.zip
🗑️ [Daemon] Đã tiêu hủy: models/checkpoints/snake_dqn_2250000_steps.zip
🗑️ [Daemon] Đã tiêu hủy: models/checkpoints/snake_dqn_2200000_steps.zip
🗑️ [Daemon] Đã tiêu hủy: models/checkpoints/snake_dqn_2150000_steps.zip
🗑️ [Daemon] Đã tiêu hủy: models/checkpoints/snake_dqn_2100000_steps.zip
🗑️ [Daemon] Đã tiêu hủy: models/checkpoints/snake_dqn_2050000_steps.zip
🗑️ [Daemon] Đã tiêu hủy: models/checkpoints/snake_dqn_2000000_steps.zip
🗑️ [Daemon] Đã tiêu hủy: models/checkpoints/snake_dqn_1950000_steps.zip
🗑️ [Daemon] Đã tiêu hủy: models/checkpoints/snake_dqn_1900000_steps.zip
🗑️ [Daemon] Đã tiêu hủy: models/checkpoints/snake_dqn_1850000_steps.zip
🗑️ [Daemon] Đã tiêu hủy: models/checkpoints/snake_dqn_1800000_steps.zip
🗑️ [Daemon] Đã tiêu hủy: models/checkpoints/snake_dqn_1750000_steps.zip
🗑️ [Daemon] Đã tiêu hủy: models/checkpoints/snake_dqn_1700000_steps.zip
🗑️ [Daemon] Đã tiêu hủy: models/checkpoints/snake_dqn_1650000_steps.zip
🗑️ [Daemon] Đã tiêu hủy: models/checkpoints/snake_dqn_1600000_steps.zip
🗑️ [Daemon] Đã tiêu hủy: models/checkpoints/snake_dqn_1550000_steps.zip
🗑️ [Daemon] Đã tiêu hủy: models/checkpoints/snake_dqn_1500000_steps.zip
🗑️ [Daemon] Đã tiêu hủy: models/checkpoints/snake_dqn_1450000_steps.zip
🗑️ [Daemon] Đã tiêu hủy: models/checkpoints/snake_dqn_1400000_steps.zip
🗑️ [Daemon] Đã tiêu hủy: models/checkpoints/snake_dqn_1350000_steps.zip
🗑️ [Daemon] Đã tiêu hủy: models/checkpoints/snake_dqn_1300000_steps.zip
🗑️ [Daemon] Đã tiêu hủy: models/checkpoints/snake_dqn_1250000_steps.zip
🗑️ [Daemon] Đã tiêu hủy: models/checkpoints/snake_dqn_1200000_steps.zip
🗑️ [Daemon] Đã tiêu hủy: models/checkpoints/snake_dqn_1150000_steps.zip
🗑️ [Daemon] Đã tiêu hủy: models/checkpoints/snake_dqn_1100000_steps.zip
🗑️ [Daemon] Đã tiêu hủy: models/checkpoints/snake_dqn_1050000_steps.zip
🗑️ [Daemon] Đã tiêu hủy: models/checkpoints/snake_dqn_1000000_steps.zip
🗑️ [Daemon] Đã tiêu hủy: models/checkpoints/snake_dqn_950000_steps.zip
🗑️ [Daemon] Đã tiêu hủy: models/checkpoints/snake_dqn_900000_steps.zip
🗑️ [Daemon] Đã tiêu hủy: models/checkpoints/snake_dqn_850000_steps.zip
🗑️ [Daemon] Đã tiêu hủy: models/checkpoints/snake_dqn_800000_steps.zip
🗑️ [Daemon] Đã tiêu hủy: models/checkpoints/snake_dqn_750000_steps.zip
🗑️ [Daemon] Đã tiêu hủy: models/checkpoints/snake_dqn_700000_steps.zip
🗑️ [Daemon] Đã tiêu hủy: models/checkpoints/snake_dqn_650000_steps.zip
🗑️ [Daemon] Đã tiêu hủy: models/checkpoints/snake_dqn_600000_steps.zip
🗑️ [Daemon] Đã tiêu hủy: models/checkpoints/snake_dqn_550000_steps.zip
🗑️ [Daemon] Đã tiêu hủy: models/checkpoints/snake_dqn_500000_steps.zip
🗑️ [Daemon] Đã tiêu hủy: models/checkpoints/snake_dqn_450000_steps.zip
🗑️ [Daemon] Đã tiêu hủy: models/checkpoints/snake_dqn_400000_steps.zip
🗑️ [Daemon] Đã tiêu hủy: models/checkpoints/snake_dqn_350000_steps.zip
🗑️ [Daemon] Đã tiêu hủy: models/checkpoints/snake_dqn_300000_steps.zip
🗑️ [Daemon] Đã tiêu hủy: models/checkpoints/snake_dqn_250000_steps.zip
🗑️ [Daemon] Đã tiêu hủy: models/checkpoints/snake_dqn_200000_steps.zip
🗑️ [Daemon] Đã tiêu hủy: models/checkpoints/snake_dqn_150000_steps.zip
🗑️ [Daemon] Đã tiêu hủy: models/checkpoints/snake_dqn_100000_steps.zip
🗑️ [Daemon] Đã tiêu hủy: models/checkpoints/snake_dqn_50000_steps.zip
🗑️ [Daemon] Đã tiêu hủy: models/checkpoints/snake_dqn_400_steps.zip
🗑️ [Daemon] Đã tiêu hủy: models/checkpoints/snake_dqn_200_steps.zip
✅ Dọn dẹp hoàn tất. Đi ngủ 5 phút...

--- Bắt đầu chu kỳ dọn rác ---
✅ Dọn dẹp hoàn tất. Đi ngủ 5 phút...

--- Bắt đầu chu kỳ dọn rác ---
✅ Dọn dẹp hoàn tất. Đi ngủ 5 phút...

--- Bắt đầu chu kỳ dọn rác ---
✅ Dọn dẹp hoàn tất. Đi ngủ 5 phút...

--- Bắt đầu chu kỳ dọn rác ---
✅ Dọn dẹp hoàn tất. Đi ngủ 5 phút...

--- Bắt đầu chu kỳ dọn rác ---
✅ Dọn dẹp hoàn tất. Đi ngủ 5 phút...

--- Bắt đầu chu kỳ dọn rác ---
✅ Dọn dẹp hoàn tất. Đi ngủ 5 phút...

--- Bắt đầu chu kỳ dọn rác ---
✅ Dọn dẹp hoàn tất. Đi ngủ 5 phút...

--- Bắt đầu chu kỳ dọn rác ---
✅ Dọn dẹp hoàn tất. Đi ngủ 5 phút...

--- Bắt đầu chu kỳ dọn rác ---
✅ Dọn dẹp hoàn tất. Đi ngủ 5 phút...

--- Bắt đầu chu kỳ dọn rác ---
✅ Dọn dẹp hoàn tất. Đi ngủ 5 phút...

--- Bắt đầu chu kỳ dọn rác ---
✅ Dọn dẹp hoàn tất. Đi ngủ 5 phút...

--- Bắt đầu chu kỳ dọn rác ---
✅ Dọn dẹp hoàn tất. Đi ngủ 5 phút...

--- Bắt đầu chu kỳ dọn rác ---
✅ Dọn dẹp hoàn tất. Đi ngủ 5 phút...

--- Bắt đầu chu kỳ dọn rác ---
✅ Dọn dẹp hoàn tất. Đi ngủ 5 phút...

--- Bắt đầu chu kỳ dọn rác ---
✅ Dọn dẹp hoàn tất. Đi ngủ 5 phút...

--- Bắt đầu chu kỳ dọn rác ---
✅ Dọn dẹp hoàn tất. Đi ngủ 5 phút...

--- Bắt đầu chu kỳ dọn rác ---
✅ Dọn dẹp hoàn tất. Đi ngủ 5 phút...

--- Bắt đầu chu kỳ dọn rác ---
✅ Dọn dẹp hoàn tất. Đi ngủ 5 phút...

--- Bắt đầu chu kỳ dọn rác ---
✅ Dọn dẹp hoàn tất. Đi ngủ 5 phút...

--- Bắt đầu chu kỳ dọn rác ---
✅ Dọn dẹp hoàn tất. Đi ngủ 5 phút...

--- Bắt đầu chu kỳ dọn rác ---
✅ Dọn dẹp hoàn tất. Đi ngủ 5 phút...

--- Bắt đầu chu kỳ dọn rác ---
✅ Dọn dẹp hoàn tất. Đi ngủ 5 phút...

--- Bắt đầu chu kỳ dọn rác ---
✅ Dọn dẹp hoàn tất. Đi ngủ 5 phút...

--- Bắt đầu chu kỳ dọn rác ---
✅ Dọn dẹp hoàn tất. Đi ngủ 5 phút...

--- Bắt đầu chu kỳ dọn rác ---
✅ Dọn dẹp hoàn tất. Đi ngủ 5 phút...

--- Bắt đầu chu kỳ dọn rác ---
✅ Dọn dẹp hoàn tất. Đi ngủ 5 phút...

--- Bắt đầu chu kỳ dọn rác ---
✅ Dọn dẹp hoàn tất. Đi ngủ 5 phút...

--- Bắt đầu chu kỳ dọn rác ---
✅ Dọn dẹp hoàn tất. Đi ngủ 5 phút...

--- Bắt đầu chu kỳ dọn rác ---
✅ Dọn dẹp hoàn tất. Đi ngủ 5 phút...

--- Bắt đầu chu kỳ dọn rác ---
✅ Dọn dẹp hoàn tất. Đi ngủ 5 phút...

--- Bắt đầu chu kỳ dọn rác ---
✅ Dọn dẹp hoàn tất. Đi ngủ 5 phút...

--- Bắt đầu chu kỳ dọn rác ---
✅ Dọn dẹp hoàn tất. Đi ngủ 5 phút...

--- Bắt đầu chu kỳ dọn rác ---
✅ Dọn dẹp hoàn tất. Đi ngủ 5 phút...

--- Bắt đầu chu kỳ dọn rác ---
✅ Dọn dẹp hoàn tất. Đi ngủ 5 phút...

--- Bắt đầu chu kỳ dọn rác ---
✅ Dọn dẹp hoàn tất. Đi ngủ 5 phút...

--- Bắt đầu chu kỳ dọn rác ---
✅ Dọn dẹp hoàn tất. Đi ngủ 5 phút...

--- Bắt đầu chu kỳ dọn rác ---
✅ Dọn dẹp hoàn tất. Đi ngủ 5 phút...

--- Bắt đầu chu kỳ dọn rác ---
✅ Dọn dẹp hoàn tất. Đi ngủ 5 phút...

--- Bắt đầu chu kỳ dọn rác ---
✅ Dọn dẹp hoàn tất. Đi ngủ 5 phút...

--- Bắt đầu chu kỳ dọn rác ---
✅ Dọn dẹp hoàn tất. Đi ngủ 5 phút...

--- Bắt đầu chu kỳ dọn rác ---
✅ Dọn dẹp hoàn tất. Đi ngủ 5 phút...

--- Bắt đầu chu kỳ dọn rác ---
✅ Dọn dẹp hoàn tất. Đi ngủ 5 phút...

--- Bắt đầu chu kỳ dọn rác ---
✅ Dọn dẹp hoàn tất. Đi ngủ 5 phút...

--- Bắt đầu chu kỳ dọn rác ---
✅ Dọn dẹp hoàn tất. Đi ngủ 5 phút...

--- Bắt đầu chu kỳ dọn rác ---
✅ Dọn dẹp hoàn tất. Đi ngủ 5 phút...

--- Bắt đầu chu kỳ dọn rác ---
✅ Dọn dẹp hoàn tất. Đi ngủ 5 phút...

--- Bắt đầu chu kỳ dọn rác ---
✅ Dọn dẹp hoàn tất. Đi ngủ 5 phút...

--- Bắt đầu chu kỳ dọn rác ---
✅ Dọn dẹp hoàn tất. Đi ngủ 5 phút...

--- Bắt đầu chu kỳ dọn rác ---
✅ Dọn dẹp hoàn tất. Đi ngủ 5 phút...

--- Bắt đầu chu kỳ dọn rác ---
✅ Dọn dẹp hoàn tất. Đi ngủ 5 phút...

--- Bắt đầu chu kỳ dọn rác ---
✅ Dọn dẹp hoàn tất. Đi ngủ 5 phút...

--- Bắt đầu chu kỳ dọn rác ---
✅ Dọn dẹp hoàn tất. Đi ngủ 5 phút...

--- Bắt đầu chu kỳ dọn rác ---
✅ Dọn dẹp hoàn tất. Đi ngủ 5 phút...

--- Bắt đầu chu kỳ dọn rác ---
✅ Dọn dẹp hoàn tất. Đi ngủ 5 phút...

--- Bắt đầu chu kỳ dọn rác ---
✅ Dọn dẹp hoàn tất. Đi ngủ 5 phút...

--- Bắt đầu chu kỳ dọn rác ---
✅ Dọn dẹp hoàn tất. Đi ngủ 5 phút...

--- Bắt đầu chu kỳ dọn rác ---
✅ Dọn dẹp hoàn tất. Đi ngủ 5 phút...

--- Bắt đầu chu kỳ dọn rác ---
✅ Dọn dẹp hoàn tất. Đi ngủ 5 phút...

--- Bắt đầu chu kỳ dọn rác ---
✅ Dọn dẹp hoàn tất. Đi ngủ 5 phút...

--- Bắt đầu chu kỳ dọn rác ---
✅ Dọn dẹp hoàn tất. Đi ngủ 5 phút...

--- Bắt đầu chu kỳ dọn rác ---
✅ Dọn dẹp hoàn tất. Đi ngủ 5 phút...

--- Bắt đầu chu kỳ dọn rác ---
✅ Dọn dẹp hoàn tất. Đi ngủ 5 phút...

--- Bắt đầu chu kỳ dọn rác ---
✅ Dọn dẹp hoàn tất. Đi ngủ 5 phút...

--- Bắt đầu chu kỳ dọn rác ---
✅ Dọn dẹp hoàn tất. Đi ngủ 5 phút...

--- Bắt đầu chu kỳ dọn rác ---
✅ Dọn dẹp hoàn tất. Đi ngủ 5 phút...

--- Bắt đầu chu kỳ dọn rác ---
✅ Dọn dẹp hoàn tất. Đi ngủ 5 phút...

--- Bắt đầu chu kỳ dọn rác ---
✅ Dọn dẹp hoàn tất. Đi ngủ 5 phút...

--- Bắt đầu chu kỳ dọn rác ---
✅ Dọn dẹp hoàn tất. Đi ngủ 5 phút...

--- Bắt đầu chu kỳ dọn rác ---
✅ Dọn dẹp hoàn tất. Đi ngủ 5 phút...

--- Bắt đầu chu kỳ dọn rác ---
✅ Dọn dẹp hoàn tất. Đi ngủ 5 phút...

--- Bắt đầu chu kỳ dọn rác ---
✅ Dọn dẹp hoàn tất. Đi ngủ 5 phút...

--- Bắt đầu chu kỳ dọn rác ---
✅ Dọn dẹp hoàn tất. Đi ngủ 5 phút...

--- Bắt đầu chu kỳ dọn rác ---
✅ Dọn dẹp hoàn tất. Đi ngủ 5 phút...

--- Bắt đầu chu kỳ dọn rác ---
✅ Dọn dẹp hoàn tất. Đi ngủ 5 phút...

--- Bắt đầu chu kỳ dọn rác ---
✅ Dọn dẹp hoàn tất. Đi ngủ 5 phút...

--- Bắt đầu chu kỳ dọn rác ---
✅ Dọn dẹp hoàn tất. Đi ngủ 5 phút...

--- Bắt đầu chu kỳ dọn rác ---
✅ Dọn dẹp hoàn tất. Đi ngủ 5 phút...

--- Bắt đầu chu kỳ dọn rác ---
✅ Dọn dẹp hoàn tất. Đi ngủ 5 phút...

--- Bắt đầu chu kỳ dọn rác ---
✅ Dọn dẹp hoàn tất. Đi ngủ 5 phút...

--- Bắt đầu chu kỳ dọn rác ---
✅ Dọn dẹp hoàn tất. Đi ngủ 5 phút...

--- Bắt đầu chu kỳ dọn rác ---
✅ Dọn dẹp hoàn tất. Đi ngủ 5 phút...

--- Bắt đầu chu kỳ dọn rác ---
✅ Dọn dẹp hoàn tất. Đi ngủ 5 phút...

--- Bắt đầu chu kỳ dọn rác ---
✅ Dọn dẹp hoàn tất. Đi ngủ 5 phút...

--- Bắt đầu chu kỳ dọn rác ---
✅ Dọn dẹp hoàn tất. Đi ngủ 5 phút...

--- Bắt đầu chu kỳ dọn rác ---
✅ Dọn dẹp hoàn tất. Đi ngủ 5 phút...

--- Bắt đầu chu kỳ dọn rác ---
✅ Dọn dẹp hoàn tất. Đi ngủ 5 phút...

--- Bắt đầu chu kỳ dọn rác ---
✅ Dọn dẹp hoàn tất. Đi ngủ 5 phút...

--- Bắt đầu chu kỳ dọn rác ---
✅ Dọn dẹp hoàn tất. Đi ngủ 5 phút...

--- Bắt đầu chu kỳ dọn rác ---
✅ Dọn dẹp hoàn tất. Đi ngủ 5 phút...

--- Bắt đầu chu kỳ dọn rác ---
✅ Dọn dẹp hoàn tất. Đi ngủ 5 phút...

--- Bắt đầu chu kỳ dọn rác ---
✅ Dọn dẹp hoàn tất. Đi ngủ 5 phút...

--- Bắt đầu chu kỳ dọn rác ---
✅ Dọn dẹp hoàn tất. Đi ngủ 5 phút...

--- Bắt đầu chu kỳ dọn rác ---
✅ Dọn dẹp hoàn tất. Đi ngủ 5 phút...

--- Bắt đầu chu kỳ dọn rác ---
✅ Dọn dẹp hoàn tất. Đi ngủ 5 phút...

--- Bắt đầu chu kỳ dọn rác ---
✅ Dọn dẹp hoàn tất. Đi ngủ 5 phút...

--- Bắt đầu chu kỳ dọn rác ---
✅ Dọn dẹp hoàn tất. Đi ngủ 5 phút...

--- Bắt đầu chu kỳ dọn rác ---
✅ Dọn dẹp hoàn tất. Đi ngủ 5 phút...

--- Bắt đầu chu kỳ dọn rác ---
✅ Dọn dẹp hoàn tất. Đi ngủ 5 phút...

--- Bắt đầu chu kỳ dọn rác ---
✅ Dọn dẹp hoàn tất. Đi ngủ 5 phút...

--- Bắt đầu chu kỳ dọn rác ---
✅ Dọn dẹp hoàn tất. Đi ngủ 5 phút...

--- Bắt đầu chu kỳ dọn rác ---
✅ Dọn dẹp hoàn tất. Đi ngủ 5 phút...

--- Bắt đầu chu kỳ dọn rác ---
✅ Dọn dẹp hoàn tất. Đi ngủ 5 phút...

--- Bắt đầu chu kỳ dọn rác ---
✅ Dọn dẹp hoàn tất. Đi ngủ 5 phút...

--- Bắt đầu chu kỳ dọn rác ---
✅ Dọn dẹp hoàn tất. Đi ngủ 5 phút...

--- Bắt đầu chu kỳ dọn rác ---
✅ Dọn dẹp hoàn tất. Đi ngủ 5 phút...

--- Bắt đầu chu kỳ dọn rác ---
✅ Dọn dẹp hoàn tất. Đi ngủ 5 phút...

--- Bắt đầu chu kỳ dọn rác ---
✅ Dọn dẹp hoàn tất. Đi ngủ 5 phút...

--- Bắt đầu chu kỳ dọn rác ---
✅ Dọn dẹp hoàn tất. Đi ngủ 5 phút...

--- Bắt đầu chu kỳ dọn rác ---
✅ Dọn dẹp hoàn tất. Đi ngủ 5 phút...

--- Bắt đầu chu kỳ dọn rác ---
✅ Dọn dẹp hoàn tất. Đi ngủ 5 phút...

--- Bắt đầu chu kỳ dọn rác ---
✅ Dọn dẹp hoàn tất. Đi ngủ 5 phút...

--- Bắt đầu chu kỳ dọn rác ---
✅ Dọn dẹp hoàn tất. Đi ngủ 5 phút...

--- Bắt đầu chu kỳ dọn rác ---
✅ Dọn dẹp hoàn tất. Đi ngủ 5 phút...

--- Bắt đầu chu kỳ dọn rác ---
✅ Dọn dẹp hoàn tất. Đi ngủ 5 phút...

--- Bắt đầu chu kỳ dọn rác ---
✅ Dọn dẹp hoàn tất. Đi ngủ 5 phút...

--- Bắt đầu chu kỳ dọn rác ---
✅ Dọn dẹp hoàn tất. Đi ngủ 5 phút...

--- Bắt đầu chu kỳ dọn rác ---
✅ Dọn dẹp hoàn tất. Đi ngủ 5 phút...

--- Bắt đầu chu kỳ dọn rác ---
✅ Dọn dẹp hoàn tất. Đi ngủ 5 phút...

--- Bắt đầu chu kỳ dọn rác ---
✅ Dọn dẹp hoàn tất. Đi ngủ 5 phút...

--- Bắt đầu chu kỳ dọn rác ---
✅ Dọn dẹp hoàn tất. Đi ngủ 5 phút...

--- Bắt đầu chu kỳ dọn rác ---
✅ Dọn dẹp hoàn tất. Đi ngủ 5 phút...

--- Bắt đầu chu kỳ dọn rác ---
✅ Dọn dẹp hoàn tất. Đi ngủ 5 phút...

--- Bắt đầu chu kỳ dọn rác ---
✅ Dọn dẹp hoàn tất. Đi ngủ 5 phút...

--- Bắt đầu chu kỳ dọn rác ---
✅ Dọn dẹp hoàn tất. Đi ngủ 5 phút...

--- Bắt đầu chu kỳ dọn rác ---
✅ Dọn dẹp hoàn tất. Đi ngủ 5 phút...

--- Bắt đầu chu kỳ dọn rác ---
✅ Dọn dẹp hoàn tất. Đi ngủ 5 phút...

--- Bắt đầu chu kỳ dọn rác ---
✅ Dọn dẹp hoàn tất. Đi ngủ 5 phút...

--- Bắt đầu chu kỳ dọn rác ---
✅ Dọn dẹp hoàn tất. Đi ngủ 5 phút...

--- Bắt đầu chu kỳ dọn rác ---
✅ Dọn dẹp hoàn tất. Đi ngủ 5 phút...

--- Bắt đầu chu kỳ dọn rác ---
✅ Dọn dẹp hoàn tất. Đi ngủ 5 phút...

--- Bắt đầu chu kỳ dọn rác ---
✅ Dọn dẹp hoàn tất. Đi ngủ 5 phút...

--- Bắt đầu chu kỳ dọn rác ---
✅ Dọn dẹp hoàn tất. Đi ngủ 5 phút...

--- Bắt đầu chu kỳ dọn rác ---
✅ Dọn dẹp hoàn tất. Đi ngủ 5 phút...

--- Bắt đầu chu kỳ dọn rác ---
✅ Dọn dẹp hoàn tất. Đi ngủ 5 phút...

--- Bắt đầu chu kỳ dọn rác ---
✅ Dọn dẹp hoàn tất. Đi ngủ 5 phút...

--- Bắt đầu chu kỳ dọn rác ---
✅ Dọn dẹp hoàn tất. Đi ngủ 5 phút...

--- Bắt đầu chu kỳ dọn rác ---
✅ Dọn dẹp hoàn tất. Đi ngủ 5 phút...

--- Bắt đầu chu kỳ dọn rác ---
✅ Dọn dẹp hoàn tất. Đi ngủ 5 phút...

--- Bắt đầu chu kỳ dọn rác ---
✅ Dọn dẹp hoàn tất. Đi ngủ 5 phút...

--- Bắt đầu chu kỳ dọn rác ---
✅ Dọn dẹp hoàn tất. Đi ngủ 5 phút...

--- Bắt đầu chu kỳ dọn rác ---
✅ Dọn dẹp hoàn tất. Đi ngủ 5 phút...

--- Bắt đầu chu kỳ dọn rác ---
✅ Dọn dẹp hoàn tất. Đi ngủ 5 phút...

--- Bắt đầu chu kỳ dọn rác ---
✅ Dọn dẹp hoàn tất. Đi ngủ 5 phút...

--- Bắt đầu chu kỳ dọn rác ---
✅ Dọn dẹp hoàn tất. Đi ngủ 5 phút...

--- Bắt đầu chu kỳ dọn rác ---
✅ Dọn dẹp hoàn tất. Đi ngủ 5 phút...

--- Bắt đầu chu kỳ dọn rác ---
✅ Dọn dẹp hoàn tất. Đi ngủ 5 phút...

--- Bắt đầu chu kỳ dọn rác ---
✅ Dọn dẹp hoàn tất. Đi ngủ 5 phút...

--- Bắt đầu chu kỳ dọn rác ---
✅ Dọn dẹp hoàn tất. Đi ngủ 5 phút...

--- Bắt đầu chu kỳ dọn rác ---
✅ Dọn dẹp hoàn tất. Đi ngủ 5 phút...

--- Bắt đầu chu kỳ dọn rác ---
✅ Dọn dẹp hoàn tất. Đi ngủ 5 phút...

--- Bắt đầu chu kỳ dọn rác ---
✅ Dọn dẹp hoàn tất. Đi ngủ 5 phút...

--- Bắt đầu chu kỳ dọn rác ---
✅ Dọn dẹp hoàn tất. Đi ngủ 5 phút...

--- Bắt đầu chu kỳ dọn rác ---
✅ Dọn dẹp hoàn tất. Đi ngủ 5 phút...

--- Bắt đầu chu kỳ dọn rác ---
✅ Dọn dẹp hoàn tất. Đi ngủ 5 phút...

--- Bắt đầu chu kỳ dọn rác ---
✅ Dọn dẹp hoàn tất. Đi ngủ 5 phút...

--- Bắt đầu chu kỳ dọn rác ---
✅ Dọn dẹp hoàn tất. Đi ngủ 5 phút...

--- Bắt đầu chu kỳ dọn rác ---
✅ Dọn dẹp hoàn tất. Đi ngủ 5 phút...

--- Bắt đầu chu kỳ dọn rác ---
✅ Dọn dẹp hoàn tất. Đi ngủ 5 phút...

--- Bắt đầu chu kỳ dọn rác ---
✅ Dọn dẹp hoàn tất. Đi ngủ 5 phút...

--- Bắt đầu chu kỳ dọn rác ---
✅ Dọn dẹp hoàn tất. Đi ngủ 5 phút...

--- Bắt đầu chu kỳ dọn rác ---
✅ Dọn dẹp hoàn tất. Đi ngủ 5 phút...

--- Bắt đầu chu kỳ dọn rác ---
✅ Dọn dẹp hoàn tất. Đi ngủ 5 phút...

--- Bắt đầu chu kỳ dọn rác ---
✅ Dọn dẹp hoàn tất. Đi ngủ 5 phút...

--- Bắt đầu chu kỳ dọn rác ---
✅ Dọn dẹp hoàn tất. Đi ngủ 5 phút...

--- Bắt đầu chu kỳ dọn rác ---
✅ Dọn dẹp hoàn tất. Đi ngủ 5 phút...

--- Bắt đầu chu kỳ dọn rác ---
✅ Dọn dẹp hoàn tất. Đi ngủ 5 phút...

--- Bắt đầu chu kỳ dọn rác ---
✅ Dọn dẹp hoàn tất. Đi ngủ 5 phút...

--- Bắt đầu chu kỳ dọn rác ---
✅ Dọn dẹp hoàn tất. Đi ngủ 5 phút...

--- Bắt đầu chu kỳ dọn rác ---
✅ Dọn dẹp hoàn tất. Đi ngủ 5 phút...

--- Bắt đầu chu kỳ dọn rác ---
✅ Dọn dẹp hoàn tất. Đi ngủ 5 phút...

--- Bắt đầu chu kỳ dọn rác ---
✅ Dọn dẹp hoàn tất. Đi ngủ 5 phút...

--- Bắt đầu chu kỳ dọn rác ---
✅ Dọn dẹp hoàn tất. Đi ngủ 5 phút...

--- Bắt đầu chu kỳ dọn rác ---
✅ Dọn dẹp hoàn tất. Đi ngủ 5 phút...

--- Bắt đầu chu kỳ dọn rác ---
✅ Dọn dẹp hoàn tất. Đi ngủ 5 phút...

--- Bắt đầu chu kỳ dọn rác ---
✅ Dọn dẹp hoàn tất. Đi ngủ 5 phút...

--- Bắt đầu chu kỳ dọn rác ---
✅ Dọn dẹp hoàn tất. Đi ngủ 5 phút...

--- Bắt đầu chu kỳ dọn rác ---
✅ Dọn dẹp hoàn tất. Đi ngủ 5 phút...
